[kit.pixel-show.com/grasp/template-kit/home/index.html]
[backblue.gif]
[fade.gif]
[index.html]
[kit.pixel-show.com/grasp/wp-includes/js/jquery/jquery.minaf6c.js]
[kit.pixel-show.com/grasp/wp-includes/js/jquery/jquery-migrate.mind617.js]
[kit.pixel-show.com/grasp/wp-content/plugins/template-kit-export/public/assets/js/template-kit-export-public.min365c.js]
[kit.pixel-show.com/grasp/wp-content/uploads/sites/2/2021/02/Grasp-_logo.png]
[kit.pixel-show.com/grasp/wp-content/uploads/sites/2/2021/02/image-1.jpg]
[kit.pixel-show.com/grasp/wp-content/uploads/sites/2/2021/02/image-background-2.jpg]
[kit.pixel-show.com/grasp/wp-content/uploads/sites/2/2021/02/figure-1.png]
[kit.pixel-show.com/grasp/wp-content/uploads/sites/2/2021/02/image-2.jpg]
[kit.pixel-show.com/grasp/wp-content/uploads/sites/2/2021/02/figure-3.png]
[kit.pixel-show.com/grasp/wp-content/uploads/sites/2/2021/02/image-3.jpg]
[kit.pixel-show.com/grasp/wp-content/uploads/sites/2/2021/02/quotes.png]
[kit.pixel-show.com/grasp/wp-content/uploads/sites/2/2021/02/photo-1.png]
[kit.pixel-show.com/grasp/wp-content/plugins/elementskit-lite/libs/framework/assets/js/frontend-scripta489.js]
[kit.pixel-show.com/grasp/wp-content/plugins/elementskit-lite/widgets/init/assets/js/widget-scriptsa489.js]
[kit.pixel-show.com/grasp/wp-content/plugins/essential-addons-for-elementor-lite/assets/front-end/js/view/general.min9f31.js]
[kit.pixel-show.com/grasp/wp-content/plugins/elementor-pro/assets/lib/smartmenus/jquery.smartmenus.minf269.js]
[kit.pixel-show.com/grasp/wp-content/plugins/elementor-pro/assets/js/webpack-pro.runtime.min3b71.js]
[kit.pixel-show.com/grasp/wp-content/plugins/elementor/assets/js/webpack.runtime.mina44d.js]
[kit.pixel-show.com/grasp/wp-content/plugins/elementor/assets/js/frontend-modules.mina44d.js]
[kit.pixel-show.com/grasp/wp-content/plugins/elementor-pro/assets/js/frontend.min3b71.js]
[kit.pixel-show.com/grasp/wp-content/plugins/elementor/assets/lib/waypoints/waypoints.min05da.js]
[kit.pixel-show.com/grasp/wp-includes/js/jquery/ui/core.min0028.js]
[kit.pixel-show.com/grasp/wp-content/plugins/elementor/assets/lib/swiper/swiper.min48f5.js]
[kit.pixel-show.com/grasp/wp-content/plugins/elementor/assets/lib/share-link/share-link.mina44d.js]
[kit.pixel-show.com/grasp/wp-content/plugins/elementor/assets/lib/dialog/dialog.mind227.js]
[kit.pixel-show.com/grasp/wp-content/plugins/elementor/assets/js/frontend.mina44d.js]
[kit.pixel-show.com/grasp/wp-content/plugins/elementor-pro/assets/js/preloaded-elements-handlers.min3b71.js]
[kit.pixel-show.com/grasp/wp-content/plugins/elementskit-lite/widgets/init/assets/js/animate-circlea489.js]
[kit.pixel-show.com/grasp/wp-content/plugins/elementskit-lite/widgets/init/assets/js/elementora489.js]
[kit.pixel-show.com/grasp/wp-content/plugins/elementor/assets/js/preloaded-modules.mina44d.js]
[kit.pixel-show.com/grasp/wp-content/plugins/elementor-pro/assets/lib/sticky/jquery.sticky.min3b71.js]
[kit.pixel-show.com/grasp/template-kit/home/index.html]
[kit.pixel-show.com/grasp/wp-includes/css/dist/block-library/style.min1014.css]
[kit.pixel-show.com/grasp/wp-content/plugins/template-kit-export/public/assets/css/template-kit-export-public.min365c.css]
[kit.pixel-show.com/grasp/wp-content/themes/hello-elementor/style.min653d.css]
[kit.pixel-show.com/grasp/wp-content/themes/hello-elementor/theme.min653d.css]
[kit.pixel-show.com/grasp/wp-content/plugins/elementor/assets/lib/eicons/css/elementor-icons.minfc13.css]
[kit.pixel-show.com/grasp/wp-content/plugins/elementor/assets/css/frontend-legacy.mina44d.css]
[kit.pixel-show.com/grasp/wp-content/plugins/elementor/assets/css/frontend.mina44d.css]
[kit.pixel-show.com/grasp/wp-content/plugins/elementor/assets/lib/swiper/css/swiper.min48f5.css]
[kit.pixel-show.com/grasp/wp-content/uploads/sites/2/elementor/css/post-48631.css]
[kit.pixel-show.com/grasp/wp-content/plugins/elementor-pro/assets/css/frontend.min3b71.css]
[kit.pixel-show.com/grasp/wp-content/uploads/sites/2/2021/02/figure-2.png]
[kit.pixel-show.com/grasp/wp-content/uploads/sites/2/elementor/css/post-58631.css]
[kit.pixel-show.com/grasp/wp-content/plugins/fluentform/public/css/fluent-forms-elementor-widget163a.css]
[kit.pixel-show.com/grasp/wp-content/uploads/sites/2/elementor/css/post-2178631.css]
[kit.pixel-show.com/grasp/wp-content/uploads/sites/2/elementor/css/post-2201a37.css]
[kit.pixel-show.com/grasp/wp-content/plugins/elementskit-lite/modules/elementskit-icon-pack/assets/css/ekiticonsa489.css]
[kit.pixel-show.com/grasp/wp-content/plugins/elementskit-lite/widgets/init/assets/img/arrow.png]
[kit.pixel-show.com/grasp/wp-content/plugins/elementskit-lite/widgets/init/assets/img/sort_asc.png]
[kit.pixel-show.com/grasp/wp-content/plugins/elementskit-lite/widgets/init/assets/img/sort_desc.png]
[kit.pixel-show.com/grasp/wp-content/plugins/elementskit-lite/widgets/init/assets/img/sort_asc_disabled.png]
[kit.pixel-show.com/grasp/wp-content/plugins/elementskit-lite/widgets/init/assets/css/widget-stylesa489.css]
[kit.pixel-show.com/grasp/wp-content/plugins/elementskit-lite/widgets/init/assets/css/responsivea489.css]
[kit.pixel-show.com/grasp/wp-content/plugins/essential-addons-for-elementor-lite/assets/front-end/css/view/general.min9f31.css]
[kit.pixel-show.com/grasp/wp-content/plugins/elementor/assets/lib/font-awesome/css/fontawesome.min52d5.css]
[kit.pixel-show.com/grasp/wp-content/plugins/elementor/assets/lib/font-awesome/css/solid.min52d5.css]
[kit.pixel-show.com/grasp/wp-content/plugins/elementor/assets/lib/font-awesome/css/brands.min52d5.css]
[kit.pixel-show.com/grasp/wp-content/plugins/fluentform/public/css/fluent-forms-public163a.css]
[kit.pixel-show.com/grasp/wp-content/plugins/fluentform/public/css/fluentform-public-default163a.css]
[kit.pixel-show.com/grasp/wp-content/plugins/elementor/assets/lib/animations/animations.mina44d.css]
